// Jest Snapshot v1, https://goo.gl/fbAQLP

exports[`Repo Testing renders a Repo 1`] = `
<DocumentFragment>
  <div>
    <li>
      <a
        href="www.google.com"
        rel="noreferrer"
        target="_blank"
      >
        <h1
          data-testid="repo"
        >
          restyAPI
        </h1>
      </a>
    </li>
    <p>
      Nate-Kruck
    </p>
  </div>
</DocumentFragment>
`;
